[backblue.gif]
[fade.gif]
[index.html]
[storage.googleapis.com/theme-vessel-items/checking-sites/oddo-html/HTML/main/assets/img/favicon.ico]
[storage.googleapis.com/theme-vessel-items/checking-sites/oddo-html/HTML/main/assets/img/logos/logo-2.png]
[storage.googleapis.com/theme-vessel-items/checking-sites/oddo-html/HTML/main/assets/js/jquery-3.6.0.min.js]
[storage.googleapis.com/theme-vessel-items/checking-sites/oddo-html/HTML/main/assets/js/bootstrap.bundle.min.js]
[storage.googleapis.com/theme-vessel-items/checking-sites/oddo-html/HTML/main/assets/js/jquery.validate.min.js]
[storage.googleapis.com/theme-vessel-items/checking-sites/oddo-html/HTML/main/assets/js/app.js]
[storage.googleapis.com/theme-vessel-items/checking-sites/oddo-html/HTML/main/login-34.html]
[storage.googleapis.com/theme-vessel-items/checking-sites/oddo-html/HTML/main/assets/css/bootstrap.min.css]
[storage.googleapis.com/theme-vessel-items/checking-sites/oddo-html/HTML/main/assets/fonts/font-awesome/fonts/fontawesome-webfont3e6e.eot]
[storage.googleapis.com/theme-vessel-items/checking-sites/oddo-html/HTML/main/assets/fonts/font-awesome/fonts/fontawesome-webfontd41d.eot]
[storage.googleapis.com/theme-vessel-items/checking-sites/oddo-html/HTML/main/assets/fonts/font-awesome/fonts/fontawesome-webfont3e6e.woff2]
[storage.googleapis.com/theme-vessel-items/checking-sites/oddo-html/HTML/main/assets/fonts/font-awesome/fonts/fontawesome-webfont3e6e.woff]
[storage.googleapis.com/theme-vessel-items/checking-sites/oddo-html/HTML/main/assets/fonts/font-awesome/fonts/fontawesome-webfont3e6e.ttf]
[storage.googleapis.com/theme-vessel-items/checking-sites/oddo-html/HTML/main/assets/fonts/font-awesome/css/font-awesome.min.css]
[storage.googleapis.com/theme-vessel-items/checking-sites/oddo-html/HTML/main/assets/fonts/flaticon/font/Flaticon.eot]
[storage.googleapis.com/theme-vessel-items/checking-sites/oddo-html/HTML/main/assets/fonts/flaticon/font/Flaticond41d.eot]
[storage.googleapis.com/theme-vessel-items/checking-sites/oddo-html/HTML/main/assets/fonts/flaticon/font/Flaticon.woff2]
[storage.googleapis.com/theme-vessel-items/checking-sites/oddo-html/HTML/main/assets/fonts/flaticon/font/Flaticon.woff]
[storage.googleapis.com/theme-vessel-items/checking-sites/oddo-html/HTML/main/assets/fonts/flaticon/font/Flaticon.ttf]
[storage.googleapis.com/theme-vessel-items/checking-sites/oddo-html/HTML/main/assets/fonts/flaticon/font/flaticon.css]
[storage.googleapis.com/theme-vessel-items/checking-sites/oddo-html/HTML/main/assets/img/img-1.jpg]
[storage.googleapis.com/theme-vessel-items/checking-sites/oddo-html/HTML/main/assets/img/animated-text.png]
[storage.googleapis.com/theme-vessel-items/checking-sites/oddo-html/HTML/main/assets/img/img-2.jpg]
[storage.googleapis.com/theme-vessel-items/checking-sites/oddo-html/HTML/main/assets/img/img-5.jpg]
[storage.googleapis.com/theme-vessel-items/checking-sites/oddo-html/HTML/main/assets/img/img-3.jpg]
[storage.googleapis.com/theme-vessel-items/checking-sites/oddo-html/HTML/main/assets/img/img-4.jpg]
[storage.googleapis.com/theme-vessel-items/checking-sites/oddo-html/HTML/main/assets/img/img-31.jpg]
[storage.googleapis.com/theme-vessel-items/checking-sites/oddo-html/HTML/main/assets/img/img-54.png]
[storage.googleapis.com/theme-vessel-items/checking-sites/oddo-html/HTML/main/assets/img/img-53.png]
[storage.googleapis.com/theme-vessel-items/checking-sites/oddo-html/HTML/main/assets/img/img-55.png]
[storage.googleapis.com/theme-vessel-items/checking-sites/oddo-html/HTML/main/assets/img/img-35.png]
[storage.googleapis.com/theme-vessel-items/checking-sites/oddo-html/HTML/main/assets/img/img-9.jpg]
[storage.googleapis.com/theme-vessel-items/checking-sites/oddo-html/HTML/main/assets/img/img-11.jpg]
[storage.googleapis.com/theme-vessel-items/checking-sites/oddo-html/HTML/main/assets/img/img-12.jpg]
[storage.googleapis.com/theme-vessel-items/checking-sites/oddo-html/HTML/main/assets/img/animated-text-2.png]
[storage.googleapis.com/theme-vessel-items/checking-sites/oddo-html/HTML/main/assets/img/img-15.jpg]
[storage.googleapis.com/theme-vessel-items/checking-sites/oddo-html/HTML/main/assets/img/img-7.jpg]
[storage.googleapis.com/theme-vessel-items/checking-sites/oddo-html/HTML/main/assets/img/img-18.jpg]
[storage.googleapis.com/theme-vessel-items/checking-sites/oddo-html/HTML/main/assets/img/img-39.png]
[storage.googleapis.com/theme-vessel-items/checking-sites/oddo-html/HTML/main/assets/img/img-40.png]
[storage.googleapis.com/theme-vessel-items/checking-sites/oddo-html/HTML/main/assets/img/img-65.jpg]
[storage.googleapis.com/theme-vessel-items/checking-sites/oddo-html/HTML/main/assets/img/img-22.jpg]
[storage.googleapis.com/theme-vessel-items/checking-sites/oddo-html/HTML/main/assets/img/img-19.jpg]
[storage.googleapis.com/theme-vessel-items/checking-sites/oddo-html/HTML/main/assets/img/img-21.jpg]
[storage.googleapis.com/theme-vessel-items/checking-sites/oddo-html/HTML/main/assets/img/img-50.png]
[storage.googleapis.com/theme-vessel-items/checking-sites/oddo-html/HTML/main/assets/img/img-23.png]
[storage.googleapis.com/theme-vessel-items/checking-sites/oddo-html/HTML/main/assets/img/animated-text-3.png]
[storage.googleapis.com/theme-vessel-items/checking-sites/oddo-html/HTML/main/assets/img/img-8.jpg]
[storage.googleapis.com/theme-vessel-items/checking-sites/oddo-html/HTML/main/assets/img/img-20.jpg]
[storage.googleapis.com/theme-vessel-items/checking-sites/oddo-html/HTML/main/assets/css/style.css]
[storage.googleapis.com/theme-vessel-items/checking-sites/oddo-html/HTML/main/forgot-password-34.html]
[storage.googleapis.com/theme-vessel-items/checking-sites/oddo-html/HTML/main/register-34.html]
[storage.googleapis.com/theme-vessel-items/checking-sites/oddo-html/HTML/main/assets/fonts/font-awesome/fonts/fontawesome-webfont3e6e.svg]
[storage.googleapis.com/theme-vessel-items/checking-sites/oddo-html/HTML/main/assets/fonts/flaticon/font/Flaticon.svg]
[storage.googleapis.com/theme-vessel-items/checking-sites/oddo-html/HTML/main/assets/img/img-10.svg]
